ERC report (2026-06-15T23:51:07, Encoding UTF8)
Report includes: Errors, Warnings

***** Sheet /
[pin_not_connected]: Pin not connected
    ; error
    @(173.99 mm, 53.34 mm): Symbol U1 Pin 19 [GPIO14, Bidirectional, Line]
[pin_not_connected]: Pin not connected
    ; error
    @(173.99 mm, 55.88 mm): Symbol U1 Pin 20 [GPIO15, Bidirectional, Line]
[label_dangling]: Label not connected
    ; error
    @(179.07 mm, 53.34 mm): Label 'I2S_DIN'
[label_dangling]: Label not connected
    ; error
    @(179.07 mm, 55.88 mm): Label 'I2S_BCLK'
[pin_to_pin]: Pins of type Unspecified and Bidirectional are connected
    ; warning
    @(30.48 mm, 85.09 mm): Symbol D5 Pin 1 [CH1_OUT, Unspecified, Line]
    @(173.99 mm, 38.10 mm): Symbol U1 Pin 17 [GPIO12/USB_D-, Bidirectional, Line]
[pin_to_pin]: Pins of type Unspecified and Power input are connected
    ; warning
    @(30.48 mm, 87.63 mm): Symbol D5 Pin 2 [GND, Unspecified, Line]
    @(40.64 mm, 73.66 mm): Symbol #PWR22 Pin 1 [Power input, Line]
[pin_to_pin]: Pins of type Unspecified and Bidirectional are connected
    ; warning
    @(30.48 mm, 90.17 mm): Symbol D5 Pin 3 [CH1_IN, Unspecified, Line]
    @(63.50 mm, 50.80 mm): Symbol J1 Pin B7 [D-, Bidirectional, Line]
[pin_to_pin]: Pins of type Unspecified and Bidirectional are connected
    ; warning
    @(63.50 mm, 85.09 mm): Symbol D5 Pin 6 [CH2_OUT, Unspecified, Line]
    @(173.99 mm, 35.56 mm): Symbol U1 Pin 18 [GPIO13/USB_D+, Bidirectional, Line]
[pin_to_pin]: Pins of type Unspecified and Passive are connected
    ; warning
    @(63.50 mm, 87.63 mm): Symbol D5 Pin 5 [VCC, Unspecified, Line]
    @(74.93 mm, 35.56 mm): Symbol F1 Pin 2 [Passive, Line]
[pin_to_pin]: Pins of type Unspecified and Bidirectional are connected
    ; warning
    @(63.50 mm, 90.17 mm): Symbol D5 Pin 4 [CH2_IN, Unspecified, Line]
    @(63.50 mm, 55.88 mm): Symbol J1 Pin B6 [D+, Bidirectional, Line]
[no_connect_dangling]: Unconnected "no connection" flag
    ; warning
    @(173.99 mm, 73.66 mm): No Connect
[unconnected_wire_endpoint]: Unconnected wire endpoint
    ; warning
    @(173.99 mm, 58.42 mm): Horizontal Wire, length 5.08 mm
[pin_to_pin]: Pins of type Unspecified and Passive are connected
    ; warning
    @(186.69 mm, 233.68 mm): Symbol T1 Pin 4 [4, Unspecified, Line]
    @(114.30 mm, 179.07 mm): Symbol OC2 Pin 1 [Passive, Line]
[pin_to_pin]: Pins of type Unspecified and Passive are connected
    ; warning
    @(186.69 mm, 248.92 mm): Symbol T1 Pin 6 [6, Unspecified, Line]
    @(119.38 mm, 233.68 mm): Symbol WF26_K1 Pin 8 [Passive, Line]
[pin_to_pin]: Pins of type Unspecified and Passive are connected
    ; warning
    @(191.77 mm, 180.34 mm): Symbol U3 Pin 1 [CCLK, Unspecified, Line]
    @(163.83 mm, 158.75 mm): Symbol R19 Pin 2 [Passive, Line]
[pin_to_pin]: Pins of type Unspecified and Bidirectional are connected
    ; warning
    @(191.77 mm, 182.88 mm): Symbol U3 Pin 2 [MCLK, Unspecified, Line]
    @(118.11 mm, 53.34 mm): Symbol U1 Pin 15 [MTCK/GPIO6/ADC1_CH6, Bidirectional, Line]
[pin_to_pin]: Pins of type Unspecified and Unspecified are connected
    ; warning
    @(191.77 mm, 185.42 mm): Symbol U3 Pin 3 [PVDD, Unspecified, Line]
    @(191.77 mm, 187.96 mm): Symbol U3 Pin 4 [DVDD, Unspecified, Line]
[pin_to_pin]: Pins of type Unspecified and Power input are connected
    ; warning
    @(191.77 mm, 187.96 mm): Symbol U3 Pin 4 [DVDD, Unspecified, Line]
    @(189.23 mm, 151.13 mm): Symbol #PWR16 Pin 1 [Power input, Line]
[pin_to_pin]: Pins of type Unspecified and Unspecified are connected
    ; warning
    @(191.77 mm, 190.50 mm): Symbol U3 Pin 5 [DGND, Unspecified, Line]
    @(191.77 mm, 203.20 mm): Symbol U3 Pin 10 [AGND, Unspecified, Line]
[pin_to_pin]: Pins of type Unspecified and Bidirectional are connected
    ; warning
    @(191.77 mm, 198.12 mm): Symbol U3 Pin 8 [LRCK, Unspecified, Line]
    @(118.11 mm, 33.02 mm): Symbol U1 Pin 12 [GPIO0/ADC1_CH0/XTAL_32K_P, Bidirectional, Line]
[pin_to_pin]: Pins of type Unspecified and Bidirectional are connected
    ; warning
    @(191.77 mm, 200.66 mm): Symbol U3 Pin 9 [DSDIN, Unspecified, Line]
    @(118.11 mm, 55.88 mm): Symbol U1 Pin 16 [MTDO/GPIO7, Bidirectional, Line]
[pin_to_pin]: Pins of type Unspecified and Power input are connected
    ; warning
    @(191.77 mm, 203.20 mm): Symbol U3 Pin 10 [AGND, Unspecified, Line]
    @(199.39 mm, 218.44 mm): Symbol #PWR44 Pin 1 [Power input, Line]
[lib_symbol_mismatch]: Symbol 'SM-LP-5001' doesn't match copy in library 'SM_LP_5001'
    ; warning
    @(196.85 mm, 241.30 mm): Symbol T1 [SM-LP-5001]
[pin_to_pin]: Pins of type Unspecified and Passive are connected
    ; warning
    @(207.01 mm, 233.68 mm): Symbol T1 Pin 3 [3, Unspecified, Line]
    @(222.25 mm, 233.68 mm): Symbol R25 Pin 2 [Passive, Line]
[pin_to_pin]: Pins of type Unspecified and Passive are connected
    ; warning
    @(207.01 mm, 248.92 mm): Symbol T1 Pin 1 [1, Unspecified, Line]
    @(212.09 mm, 233.68 mm): Symbol R24 Pin 2 [Passive, Line]
[pin_to_pin]: Pins of type Unspecified and Passive are connected
    ; warning
    @(210.82 mm, 113.03 mm): Symbol SW2 Pin 1 [A, Unspecified, Line]
    @(185.42 mm, 113.03 mm): Symbol C5 Pin 1 [Passive, Line]
[pin_to_pin]: Pins of type Unspecified and Power input are connected
    ; warning
    @(210.82 mm, 120.65 mm): Symbol SW2 Pin 2 [B, Unspecified, Line]
    @(210.82 mm, 120.65 mm): Symbol #PWR40 Pin 1 [Power input, Line]
[pin_to_pin]: Pins of type Unspecified and Power input are connected
    ; warning
    @(231.14 mm, 29.21 mm): Symbol U2 Pin 3 [VIN, Unspecified, Line]
    @(226.06 mm, 29.21 mm): Symbol #PWR05 Pin 1 [Power input, Line]
[pin_to_pin]: Pins of type Unspecified and Power input are connected
    ; warning
    @(238.76 mm, 36.83 mm): Symbol U2 Pin 1 [GND, Unspecified, Line]
    @(238.76 mm, 36.83 mm): Symbol #PWR27 Pin 1 [Power input, Line]
[pin_to_pin]: Pins of type Unspecified and Power input are connected
    ; warning
    @(246.38 mm, 29.21 mm): Symbol U2 Pin 4 [VOUT, Unspecified, Line]
    @(251.46 mm, 29.21 mm): Symbol #PWR07 Pin 1 [Power input, Line]
[pin_to_pin]: Pins of type Unspecified and Power input are connected
    ; warning
    @(246.38 mm, 29.21 mm): Symbol U2 Hidden pin 2 [VOUT, Unspecified, Line]
    @(251.46 mm, 29.21 mm): Symbol #PWR07 Pin 1 [Power input, Line]
[pin_to_pin]: Pins of type Unspecified and Power input are connected
    ; warning
    @(247.65 mm, 177.80 mm): Symbol U3 Pin 21 [EP, Unspecified, Line]
    @(214.63 mm, 158.75 mm): Symbol #PWR50 Pin 1 [Power input, Line]
[pin_to_pin]: Pins of type Unspecified and Passive are connected
    ; warning
    @(247.65 mm, 180.34 mm): Symbol U3 Pin 20 [CE, Unspecified, Line]
    @(181.61 mm, 210.82 mm): Symbol R20 Pin 1 [Passive, Line]
[pin_to_pin]: Pins of type Unspecified and Passive are connected
    ; warning
    @(247.65 mm, 182.88 mm): Symbol U3 Pin 19 [CDATA, Unspecified, Line]
    @(262.89 mm, 158.75 mm): Symbol R18 Pin 2 [Passive, Line]
[pin_to_pin]: Pins of type Unspecified and Passive are connected
    ; warning
    @(247.65 mm, 185.42 mm): Symbol U3 Pin 18 [MIC1P/DMIC_SDA, Unspecified, Line]
    @(242.57 mm, 217.17 mm): Symbol C16 Pin 1 [Passive, Line]
[pin_to_pin]: Pins of type Unspecified and Passive are connected
    ; warning
    @(247.65 mm, 187.96 mm): Symbol U3 Pin 17 [MIC1N, Unspecified, Line]
    @(232.41 mm, 217.17 mm): Symbol C17 Pin 1 [Passive, Line]
[pin_to_pin]: Pins of type Unspecified and Passive are connected
    ; warning
    @(247.65 mm, 190.50 mm): Symbol U3 Pin 16 [VMID, Unspecified, Line]
    @(199.39 mm, 210.82 mm): Symbol C12 Pin 1 [Passive, Line]
[pin_to_pin]: Pins of type Unspecified and Passive are connected
    ; warning
    @(247.65 mm, 193.04 mm): Symbol U3 Pin 15 [ADCVREF, Unspecified, Line]
    @(252.73 mm, 232.41 mm): Symbol C13 Pin 1 [Passive, Line]
[pin_to_pin]: Pins of type Unspecified and Passive are connected
    ; warning
    @(247.65 mm, 195.58 mm): Symbol U3 Pin 14 [DACVREF, Unspecified, Line]
    @(252.73 mm, 217.17 mm): Symbol C11 Pin 1 [Passive, Line]
[pin_to_pin]: Pins of type Unspecified and Passive are connected
    ; warning
    @(247.65 mm, 198.12 mm): Symbol U3 Pin 13 [OUTN, Unspecified, Line]
    @(222.25 mm, 217.17 mm): Symbol C15 Pin 1 [Passive, Line]
[pin_to_pin]: Pins of type Unspecified and Passive are connected
    ; warning
    @(247.65 mm, 200.66 mm): Symbol U3 Pin 12 [OUTP, Unspecified, Line]
    @(212.09 mm, 217.17 mm): Symbol C14 Pin 1 [Passive, Line]
[pin_to_pin]: Pins of type Unspecified and Power input are connected
    ; warning
    @(247.65 mm, 203.20 mm): Symbol U3 Pin 11 [AVDD, Unspecified, Line]
    @(262.89 mm, 151.13 mm): Symbol #PWR19 Pin 1 [Power input, Line]
[pin_to_pin]: Pins of type Unspecified and Passive are connected
    ; warning
    @(256.54 mm, 113.03 mm): Symbol SW1 Pin 1 [A, Unspecified, Line]
    @(242.57 mm, 113.03 mm): Symbol R11 Pin 2 [Passive, Line]
[pin_to_pin]: Pins of type Unspecified and Power input are connected
    ; warning
    @(256.54 mm, 120.65 mm): Symbol SW1 Pin 2 [B, Unspecified, Line]
    @(256.54 mm, 120.65 mm): Symbol #PWR39 Pin 1 [Power input, Line]
[lib_symbol_mismatch]: Symbol 'TestPoint' doesn't match copy in library 'Connector'
    ; warning
    @(304.80 mm, 218.44 mm): Symbol TP1 [TestPoint]
[lib_symbol_mismatch]: Symbol 'TestPoint' doesn't match copy in library 'Connector'
    ; warning
    @(330.20 mm, 218.44 mm): Symbol TP2 [TestPoint]
[lib_symbol_mismatch]: Symbol 'TestPoint' doesn't match copy in library 'Connector'
    ; warning
    @(355.60 mm, 218.44 mm): Symbol TP3 [TestPoint]

 ** ERC messages: 47  Errors 4  Warnings 43

 ** Ignored checks:
    - Global label only appears once in the schematic
    - Four connection points are joined together
    - SPICE model issue
    - Assigned footprint doesn't match footprint filters
